2025-08-13 18:19:00 | WARN | repo=pv243-a4m36jee-2016-infinispan-seminar | action=edit | files=2
2025-02-26 08:00:00 | WARN | repo=pv243-a4m36jee-2016-infinispan-seminar | action=commit
2025-12-05 21:52:00 | DEBUG | repo=pv243-a4m36jee-2016-infinispan-seminar | action=commit
2025-02-12 12:45:00 | DEBUG | repo=pv243-a4m36jee-2016-infinispan-seminar | action=commit
2025-11-22 15:41:00 | DEBUG | repo=pv243-a4m36jee-2016-infinispan-seminar | action=edit | files=3
2025-11-09 08:54:00 | INFO | repo=pv243-a4m36jee-2016-infinispan-seminar | action=commit
2025-05-03 08:03:00 | DEBUG | repo=pv243-a4m36jee-2016-infinispan-seminar | action=commit
2025-06-26 19:32:00 | DEBUG | repo=pv243-a4m36jee-2016-infinispan-seminar | action=commit
2025-01-24 16:21:00 | WARN | repo=pv243-a4m36jee-2016-infinispan-seminar | action=commit
2025-11-21 09:46:00 | DEBUG | repo=pv243-a4m36jee-2016-infinispan-seminar | action=edit | files=3
2025-07-01 13:18:00 | WARN | repo=pv243-a4m36jee-2016-infinispan-seminar | action=test | passed=true
2025-05-20 15:29:00 | INFO | repo=pv243-a4m36jee-2016-infinispan-seminar | action=commit
2025-03-12 07:02:00 | INFO | repo=pv243-a4m36jee-2016-infinispan-seminar | action=edit | files=3
2025-08-26 07:49:00 | INFO | repo=pv243-a4m36jee-2016-infinispan-seminar | action=commit
2025-10-10 10:16:00 | WARN | repo=pv243-a4m36jee-2016-infinispan-seminar | action=edit | files=5
2025-03-25 12:24:00 | WARN | repo=pv243-a4m36jee-2016-infinispan-seminar | action=commit
2025-02-13 07:39:00 | INFO | repo=pv243-a4m36jee-2016-infinispan-seminar | action=commit
2025-02-16 20:42:00 | DEBUG | repo=pv243-a4m36jee-2016-infinispan-seminar | action=commit
2025-09-20 18:30:00 | INFO | repo=pv243-a4m36jee-2016-infinispan-seminar | action=edit | files=1
2025-02-07 09:10:00 | DEBUG | repo=pv243-a4m36jee-2016-infinispan-seminar | action=test | passed=true
2025-07-12 18:05:00 | DEBUG | repo=pv243-a4m36jee-2016-infinispan-seminar | action=commit
2025-05-23 14:36:00 | INFO | repo=pv243-a4m36jee-2016-infinispan-seminar | action=commit
2025-01-26 21:59:00 | DEBUG | repo=pv243-a4m36jee-2016-infinispan-seminar | action=commit
2025-08-05 08:18:00 | DEBUG | repo=pv243-a4m36jee-2016-infinispan-seminar | action=commit
2025-05-07 08:44:00 | WARN | repo=pv243-a4m36jee-2016-infinispan-seminar | action=commit
2025-07-08 08:08:00 | INFO | repo=pv243-a4m36jee-2016-infinispan-seminar | action=commit
2025-02-26 21:40:00 | WARN | repo=pv243-a4m36jee-2016-infinispan-seminar | action=pull
2025-04-06 18:37:00 | WARN | repo=pv243-a4m36jee-2016-infinispan-seminar | action=commit
2025-07-01 14:55:00 | INFO | repo=pv243-a4m36jee-2016-infinispan-seminar | action=commit
2025-08-21 13:26:00 | WARN | repo=pv243-a4m36jee-2016-infinispan-seminar | action=commit
2025-06-08 20:16:00 | DEBUG | repo=pv243-a4m36jee-2016-infinispan-seminar | action=pull
2025-03-17 10:47:00 | WARN | repo=pv243-a4m36jee-2016-infinispan-seminar | action=commit
2025-10-08 20:59:00 | INFO | repo=pv243-a4m36jee-2016-infinispan-seminar | action=edit | files=1
2025-08-20 13:26:00 | WARN | repo=pv243-a4m36jee-2016-infinispan-seminar | action=pull
2025-08-16 15:30:00 | WARN | repo=pv243-a4m36jee-2016-infinispan-seminar | action=commit
